// Jest Snapshot v1, https://goo.gl/fbAQLP

exports[`Conference Dialog should render correct snapshot 1`] = `
Object {
  "asFragment": [Function],
  "baseElement": <body>
    <div
      aria-hidden="true"
    />
    <reach-portal>
      <div
        data-focus-guard="true"
        style="width: 1px; height: 0px; padding: 0px; overflow: hidden; position: fixed; top: 1px; left: 1px;"
        tabindex="0"
      />
      <div
        data-focus-lock-disabled="false"
      >
        <div>
          <div
            class="css-159lja1"
            data-paste-element="MODAL_OVERLAY"
            data-reach-dialog-overlay=""
            style="opacity: 0;"
            variant="default"
          >
            <div
              aria-labelledby="1"
              aria-modal="true"
              class="css-trckgm"
              data-paste-element="MODAL"
              data-reach-dialog-content=""
              data-testid="modal-header"
              role="dialog"
              style="opacity: 0; transform: scale(0.675);"
              tabindex="-1"
            >
              <div
                class="css-1b9e17t"
                data-paste-element="MODAL_HEADER"
              >
                <div
                  class="css-1ibkied"
                  data-paste-element="FLEX"
                >
                  <div
                    class="css-1072z4j"
                    data-paste-element="FLEX"
                  >
                    <h3
                      class="css-n8ur01"
                      data-paste-element="MODAL_HEADING"
                      id="1"
                    >
                      Add Conference Participant
                    </h3>
                  </div>
                  <button
                    aria-busy="false"
                    class="css-48drkk"
                    data-paste-element="MODAL_HEADER_CLOSE_BUTTON"
                    type="button"
                  >
                    <span
                      class="css-z6jp9v"
                      data-paste-element="BOX"
                    >
                      <span
                        class="css-yrazta"
                        data-paste-element="MODAL_HEADER_CLOSE_ICON"
                      >
                        <svg
                          aria-hidden="true"
                          aria-labelledby="CloseIcon-3"
                          height="100%"
                          role="img"
                          viewBox="0 0 20 20"
                          width="100%"
                          xmlns="http://www.w3.org/2000/svg"
                        >
                          <path
                            d="M15.16 13.514L11.645 10l3.515-3.514a1.165 1.165 0 00-1.646-1.646L10 8.355 6.486 4.84A1.165 1.165 0 004.84 6.486L8.355 10 4.84 13.514a1.165 1.165 0 001.646 1.646L10 11.645l3.514 3.515a1.165 1.165 0 001.646-1.646z"
                            fill="currentColor"
                            fill-rule="evenodd"
                          />
                        </svg>
                      </span>
                      <span
                        class="css-1t35qh6"
                        data-paste-element="BOX"
                      >
                        Close modal
                      </span>
                    </span>
                  </button>
                </div>
              </div>
              <div
                class="css-137sttb"
                data-paste-element="MODAL_BODY"
              >
                <form
                  class="css-roynbj"
                  data-paste-element="BOX"
                >
                  <label
                    class="css-rwo46e"
                    data-paste-element="LABEL"
                    for="2"
                  >
                    <span
                      class="css-1sekzvp"
                      data-paste-element="MEDIA_OBJECT"
                    >
                      <span
                        class="css-1cywlpt"
                        data-paste-element="MEDIA_BODY"
                      >
                        Phone Number
                      </span>
                    </span>
                  </label>
                  <div
                    class="css-nrrnrg"
                    data-paste-element="INPUT"
                  >
                    <input
                      class="css-9se8rz"
                      data-paste-element="INPUT_ELEMENT"
                      id="2"
                      type="text"
                      value=""
                    />
                  </div>
                </form>
              </div>
              <div
                class="css-1aspgdz"
                data-paste-element="MODAL_FOOTER"
              >
                <div
                  class="css-rt1g17"
                  data-paste-element="MODAL_FOOTER_ACTIONS"
                >
                  <div
                    class="css-10brdie"
                    data-paste-element="MODAL_FOOTER_ACTIONS_ITEM"
                  >
                    <button
                      aria-busy="false"
                      class="css-kzhkm0"
                      data-paste-element="BUTTON"
                      title="Cancel"
                      type="button"
                    >
                      <span
                        class="css-z6jp9v"
                        data-paste-element="BOX"
                      >
                        Cancel
                      </span>
                    </button>
                  </div>
                  <div
                    class="css-roynbj"
                    data-paste-element="MODAL_FOOTER_ACTIONS_ITEM"
                  >
                    <button
                      aria-busy="false"
                      class="css-175kaqp"
                      data-paste-element="BUTTON"
                      title="Dial"
                      type="button"
                    >
                      <span
                        class="css-z6jp9v"
                        data-paste-element="BOX"
                      >
                        Dial
                      </span>
                    </button>
                  </div>
                </div>
              </div>
            </div>
          </div>
        </div>
      </div>
      <div
        data-focus-guard="true"
        style="width: 1px; height: 0px; padding: 0px; overflow: hidden; position: fixed; top: 1px; left: 1px;"
        tabindex="0"
      />
    </reach-portal>
  </body>,
  "container": <div
    aria-hidden="true"
  />,
  "debug": [Function],
  "findAllByAltText": [Function],
  "findAllByDisplayValue": [Function],
  "findAllByLabelText": [Function],
  "findAllByPlaceholderText": [Function],
  "findAllByRole": [Function],
  "findAllByTestId": [Function],
  "findAllByText": [Function],
  "findAllByTitle": [Function],
  "findByAltText": [Function],
  "findByDisplayValue": [Function],
  "findByLabelText": [Function],
  "findByPlaceholderText": [Function],
  "findByRole": [Function],
  "findByTestId": [Function],
  "findByText": [Function],
  "findByTitle": [Function],
  "getAllByAltText": [Function],
  "getAllByDisplayValue": [Function],
  "getAllByLabelText": [Function],
  "getAllByPlaceholderText": [Function],
  "getAllByRole": [Function],
  "getAllByTestId": [Function],
  "getAllByText": [Function],
  "getAllByTitle": [Function],
  "getByAltText": [Function],
  "getByDisplayValue": [Function],
  "getByLabelText": [Function],
  "getByPlaceholderText": [Function],
  "getByRole": [Function],
  "getByTestId": [Function],
  "getByText": [Function],
  "getByTitle": [Function],
  "queryAllByAltText": [Function],
  "queryAllByDisplayValue": [Function],
  "queryAllByLabelText": [Function],
  "queryAllByPlaceholderText": [Function],
  "queryAllByRole": [Function],
  "queryAllByTestId": [Function],
  "queryAllByText": [Function],
  "queryAllByTitle": [Function],
  "queryByAltText": [Function],
  "queryByDisplayValue": [Function],
  "queryByLabelText": [Function],
  "queryByPlaceholderText": [Function],
  "queryByRole": [Function],
  "queryByTestId": [Function],
  "queryByText": [Function],
  "queryByTitle": [Function],
  "rerender": [Function],
  "unmount": [Function],
}
`;
